br\com\zaiac\ebcofilemgmt\xml\classes\admindata\Value.class
br\com\zaiac\ebcofilemgmt\cryptography\AsymmetricCryptography.class
br\com\zaiac\ebcofilemgmt\xml\classes\admindata\Level.class
br\com\zaiac\ebcofilemgmt\tools\Monitor.class
br\com\zaiac\ebcofilemgmt\cryptography\GenerateKeys.class
br\com\zaiac\ebcofilemgmt\tools\MergeFiles$1.class
br\com\zaiac\ebcofilemgmt\exception\ProcessIncompleteException.class
br\com\zaiac\ebcofilemgmt\tools\Constants.class
br\com\zaiac\ebcofilemgmt\xml\classes\processinstructions\ProcessInstructions.class
br\com\zaiac\ebcofilemgmt\xml\classes\processinstructions\InspectionType.class
br\com\zaiac\ebcofilemgmt\xml\classes\operations\Operations.class
br\com\zaiac\ebcofilemgmt\xml\classes\operations\Operation.class
br\com\zaiac\ebcofilemgmt\xml\classes\operations\Verdict.class
br\com\zaiac\ebcofilemgmt\xml\classes\processinstructions\EnergyLevel.class
br\com\zaiac\ebcofilemgmt\tools\Monitor$1.class
br\com\zaiac\ebcofilemgmt\xml\classes\admindata\Container.class
br\com\zaiac\ebcofilemgmt\xml\ConvertXmlFile.class
br\com\zaiac\ebcofilemgmt\xml\classes\admindata\MlList.class
br\com\zaiac\ebcofilemgmt\xml\classes\admindata\Load.class
br\com\zaiac\ebcofilemgmt\tools\MergeFiles.class
br\com\zaiac\ebcofilemgmt\xml\classes\admindata\AdminData.class
br\com\zaiac\ebcofilemgmt\Main.class
br\com\zaiac\ebcofilemgmt\tools\MergeFiles$2.class
br\com\zaiac\ebcofilemgmt\xml\classes\admindata\Trailer.class
br\com\zaiac\ebcofilemgmt\xml\classes\admindata\Containers.class
br\com\zaiac\ebcofilemgmt\exception\SendInformationException.class
br\com\zaiac\ebcofilemgmt\tools\SendFiles.class
br\com\zaiac\ebcofilemgmt\xml\classes\DataForm.class
br\com\zaiac\ebcofilemgmt\rest\MethodPost.class
br\com\zaiac\ebcofilemgmt\tools\Image.class
br\com\zaiac\ebcofilemgmt\xml\classes\admindata\Trailers.class
br\com\zaiac\ebcofilemgmt\exception\XMLFileException.class
br\com\zaiac\ebcofilemgmt\xml\classes\admindata\Vehicle.class
