C:\Users\milto\NetBeansProjects\WebApp\Ebco\ebcofilemgmt\src\main\java\br\com\zaiac\ebcofilemgmt\cryptography\GenerateKeys.java
C:\Users\milto\NetBeansProjects\WebApp\Ebco\ebcofilemgmt\src\main\java\br\com\zaiac\ebcofilemgmt\xml\classes\admindata\Vehicle.java
C:\Users\milto\NetBeansProjects\WebApp\Ebco\ebcofilemgmt\src\main\java\br\com\zaiac\ebcofilemgmt\xml\classes\admindata\AdminData.java
C:\Users\milto\NetBeansProjects\WebApp\Ebco\ebcofilemgmt\src\main\java\br\com\zaiac\ebcofilemgmt\exception\ProcessIncompleteException.java
C:\Users\milto\NetBeansProjects\WebApp\Ebco\ebcofilemgmt\src\main\java\br\com\zaiac\ebcofilemgmt\xml\classes\operations\Operation.java
C:\Users\milto\NetBeansProjects\WebApp\Ebco\ebcofilemgmt\src\main\java\br\com\zaiac\ebcofilemgmt\xml\classes\processinstructions\InspectionType.java
C:\Users\milto\NetBeansProjects\WebApp\Ebco\ebcofilemgmt\src\main\java\br\com\zaiac\ebcofilemgmt\xml\classes\admindata\Level.java
C:\Users\milto\NetBeansProjects\WebApp\Ebco\ebcofilemgmt\src\main\java\br\com\zaiac\ebcofilemgmt\xml\classes\operations\Verdict.java
C:\Users\milto\NetBeansProjects\WebApp\Ebco\ebcofilemgmt\src\main\java\br\com\zaiac\ebcofilemgmt\exception\SendInformationException.java
C:\Users\milto\NetBeansProjects\WebApp\Ebco\ebcofilemgmt\src\main\java\br\com\zaiac\ebcofilemgmt\tools\MergeFiles.java
C:\Users\milto\NetBeansProjects\WebApp\Ebco\ebcofilemgmt\src\main\java\br\com\zaiac\ebcofilemgmt\xml\classes\processinstructions\ProcessInstructions.java
C:\Users\milto\NetBeansProjects\WebApp\Ebco\ebcofilemgmt\src\main\java\br\com\zaiac\ebcofilemgmt\xml\classes\operations\Operations.java
C:\Users\milto\NetBeansProjects\WebApp\Ebco\ebcofilemgmt\src\main\java\br\com\zaiac\ebcofilemgmt\tools\SendFiles.java
C:\Users\milto\NetBeansProjects\WebApp\Ebco\ebcofilemgmt\src\main\java\br\com\zaiac\ebcofilemgmt\xml\classes\admindata\Container.java
C:\Users\milto\NetBeansProjects\WebApp\Ebco\ebcofilemgmt\src\main\java\br\com\zaiac\ebcofilemgmt\xml\classes\admindata\Trailers.java
C:\Users\milto\NetBeansProjects\WebApp\Ebco\ebcofilemgmt\src\main\java\br\com\zaiac\ebcofilemgmt\rest\MethodPost.java
C:\Users\milto\NetBeansProjects\WebApp\Ebco\ebcofilemgmt\src\main\java\br\com\zaiac\ebcofilemgmt\cryptography\AsymmetricCryptography.java
C:\Users\milto\NetBeansProjects\WebApp\Ebco\ebcofilemgmt\src\main\java\br\com\zaiac\ebcofilemgmt\xml\classes\processinstructions\EnergyLevel.java
C:\Users\milto\NetBeansProjects\WebApp\Ebco\ebcofilemgmt\src\main\java\br\com\zaiac\ebcofilemgmt\xml\ConvertXmlFile.java
C:\Users\milto\NetBeansProjects\WebApp\Ebco\ebcofilemgmt\src\main\java\br\com\zaiac\ebcofilemgmt\xml\classes\admindata\Containers.java
C:\Users\milto\NetBeansProjects\WebApp\Ebco\ebcofilemgmt\src\main\java\br\com\zaiac\ebcofilemgmt\xml\classes\admindata\Trailer.java
C:\Users\milto\NetBeansProjects\WebApp\Ebco\ebcofilemgmt\src\main\java\br\com\zaiac\ebcofilemgmt\tools\Constants.java
C:\Users\milto\NetBeansProjects\WebApp\Ebco\ebcofilemgmt\src\main\java\br\com\zaiac\ebcofilemgmt\tools\Monitor.java
C:\Users\milto\NetBeansProjects\WebApp\Ebco\ebcofilemgmt\src\main\java\br\com\zaiac\ebcofilemgmt\xml\classes\admindata\Load.java
C:\Users\milto\NetBeansProjects\WebApp\Ebco\ebcofilemgmt\src\main\java\br\com\zaiac\ebcofilemgmt\exception\XMLFileException.java
C:\Users\milto\NetBeansProjects\WebApp\Ebco\ebcofilemgmt\src\main\java\br\com\zaiac\ebcofilemgmt\tools\Image.java
C:\Users\milto\NetBeansProjects\WebApp\Ebco\ebcofilemgmt\src\main\java\br\com\zaiac\ebcofilemgmt\xml\classes\admindata\MlList.java
C:\Users\milto\NetBeansProjects\WebApp\Ebco\ebcofilemgmt\src\main\java\br\com\zaiac\ebcofilemgmt\xml\classes\DataForm.java
C:\Users\milto\NetBeansProjects\WebApp\Ebco\ebcofilemgmt\src\main\java\br\com\zaiac\ebcofilemgmt\Main.java
